============================= test session starts =============================
platform win32 -- Python 3.14.0, pytest-9.0.2, pluggy-1.6.0 -- C:\Python314\python.exe
cachedir: .pytest_cache
rootdir: C:\Users\najee\OneDrive\Documents\Projects\ai-agent-eval-harness
configfile: pyproject.toml
plugins: anyio-4.12.1, Faker-40.15.0, langsmith-0.7.22, aiohttp-1.1.0, asyncio-1.3.0, base-url-2.1.0, cov-7.0.0, playwright-0.7.2
asyncio: mode=Mode.AUTO, debug=False, asyncio_default_fixture_loop_scope=function, asyncio_default_test_loop_scope=function
python :    [Config] Loading Core Config from: 
C:\Users\najee\OneDrive\Documents\Projects\ai-agent-eval-harness\eval_runner\config.py
At line:1 char:1
+ python -m pytest tests/unit/core/test_scaffold.py::TestScaffold::test ...
+ ~~~~~~~~~~~~~~~~~~~~~~~~~~~~~~~~~~~~~~~~~~~~~~~~~~~~~~~~~~~~~~~~~~~~~
    + CategoryInfo          : NotSpecified: (   [Config] Loa...unner\config.py:String) [], RemoteException
    + FullyQualifiedErrorId : NativeCommandError
 
   [Config] PROJECT_ROOT: C:\Users\najee\OneDrive\Documents\Projects\ai-agent-eval-harness
collecting ... collected 1 item

[PROBE] Entering generate_interactive
[PROBE] Checking schema_path: C:\Users\najee\OneDrive\Documents\Projects\ai-agent-eval-harness\spec\aes\aes.schema.json
[PROBE] schema_path exists
[PROBE] File opened
[PROBE] Generic Exception: {}
tests/unit/core/test_scaffold.py::TestScaffold::test_generate_interactive_validation_error DEBUG: scaffold is <module 'eval_runner.scaffold' from 'C:\\Users\\najee\\OneDrive\\Documents\\Projects\\ai-agent-eval-harness\\eval_runner\\scaffold.py'>
DEBUG: scaffold.generate_interactive is <function generate_interactive at 0x0000020105B2E820>

[Generator] AgentV - Scenario Generator

ΓÜá Warning: Could not perform internal validation: {}

Γ£à Successfully generated 1 scenarios in scenarios\test/
  - gen_test_test_1.json

Tip: Run these with 'agentv evaluate --path <path_or_dir>'
FAILED

================================== FAILURES ===================================
___________ TestScaffold.test_generate_interactive_validation_error ___________

self = <test_scaffold.TestScaffold testMethod=test_generate_interactive_validation_error>
mock_validate = <MagicMock name='validate' id='2203414468928'>
mock_file = <MagicMock name='open' id='2203414469936'>
mock_exists = <MagicMock name='exists' id='2203414473632'>
mock_mkdir = <MagicMock name='mkdir' id='2203414473968'>
mock_input = <MagicMock name='input' id='2203414474304'>

    @patch("builtins.input", side_effect=["test", "test", "1"])
    @patch("pathlib.Path.mkdir")
    @patch("pathlib.Path.exists", return_value=True)
    @patch("builtins.open", new_callable=mock_open, read_data="{}")
    @patch("eval_runner.scaffold.validate")
    def test_generate_interactive_validation_error(
        self, mock_validate, mock_file, mock_exists, mock_mkdir, mock_input
    ):
        """Verify error handling when schema validation fails."""
        from jsonschema.exceptions import ValidationError
        mock_validate.side_effect = ValidationError("Custom Error")
    
        print(f"DEBUG: scaffold is {scaffold}")
        print(f"DEBUG: scaffold.generate_interactive is {scaffold.generate_interactive}")
        scaffold.generate_interactive()
>       mock_validate.assert_called()

tests\unit\core\test_scaffold.py:54: 
_ _ _ _ _ _ _ _ _ _ _ _ _ _ _ _ _ _ _ _ _ _ _ _ _ _ _ _ _ _ _ _ _ _ _ _ _ _ _ _

self = <MagicMock name='validate' id='2203414468928'>

    def assert_called(self):
        """assert that the mock was called at least once
        """
        if self.call_count == 0:
            msg = ("Expected '%s' to have been called." %
                   (self._mock_name or 'mock'))
>           raise AssertionError(msg)
E           AssertionError: Expected 'validate' to have been called.

C:\Python314\Lib\unittest\mock.py:954: AssertionError
=========================== short test summary info ===========================
FAILED tests/unit/core/test_scaffold.py::TestScaffold::test_generate_interactive_validation_error
============================== 1 failed in 0.66s ==============================
